// Jest Snapshot v1, https://goo.gl/fbAQLP

exports[`Online Users 1`] = `[Function]`;
